lcd16x2_i2c.c:11:13:lcd16x2_i2c_sendCommand	32	static
lcd16x2_i2c.c:25:13:lcd16x2_i2c_sendData	32	static
lcd16x2_i2c.c:44:6:lcd16x2_i2c_init	16	static
lcd16x2_i2c.c:95:6:lcd16x2_i2c_setCursor	24	static
lcd16x2_i2c.c:114:6:lcd16x2_i2c_1stLine	8	static
lcd16x2_i2c.c:121:6:lcd16x2_i2c_2ndLine	8	static
lcd16x2_i2c.c:129:6:lcd16x2_i2c_TwoLines	8	static
lcd16x2_i2c.c:133:6:lcd16x2_i2c_OneLine	8	static
lcd16x2_i2c.c:141:6:lcd16x2_i2c_cursorShow	16	static
lcd16x2_i2c.c:156:6:lcd16x2_i2c_clear	8	static
lcd16x2_i2c.c:165:6:lcd16x2_i2c_display	16	static
lcd16x2_i2c.c:180:6:lcd16x2_i2c_shiftRight	24	static
lcd16x2_i2c.c:191:6:lcd16x2_i2c_shiftLeft	24	static
lcd16x2_i2c.c:202:6:lcd16x2_i2c_printf	48	static
