main.c:116:5:main	16	static
main.c:187:6:SystemClock_Config	88	static
main.c:233:13:MX_ADC1_Init	24	static
main.c:283:13:MX_I2C1_Init	8	static
main.c:318:13:MX_TIM6_Init	16	static
main.c:356:13:MX_USART2_UART_Init	8	static
main.c:389:13:MX_GPIO_Init	40	static
main.c:442:6:TIM4_Init	8	static
main.c:462:6:TIM5_Init	8	static
main.c:491:8:CONV_ADC_TO_TEMPERATURE	16	static
main.c:512:6:LCD_REFRESH	8	static
main.c:543:6:START_FAN	8	static
main.c:557:6:STOP_FAN	8	static
main.c:573:6:DELAY	16	static
main.c:589:6:HAL_TIM_PeriodElapsedCallback	24	static
main.c:617:6:HAL_ADC_ConvCpltCallback	16	static
main.c:634:6:HAL_GPIO_EXTI_Callback	16	static
main.c:657:6:Error_Handler	4	static,ignoring_inline_asm
